// Vitest Snapshot v1, https://vitest.dev/guide/snapshot.html

exports[`Footer > matches snapshot 1`] = `
<DocumentFragment>
  <footer
    class="bg-brand-brown text-brand-cream mt-auto"
  >
    <div
      class="mx-auto max-w-6xl px-4 py-8"
    >
      <div
        class="flex flex-col gap-4 sm:flex-row sm:items-center sm:justify-between"
      >
        <p
          class="text-sm font-bold"
        >
          Freeman Firewood
        </p>
        <p
          class="text-xs text-brand-cream-dark"
        >
          © 2026 Freeman Firewood. All rights reserved.
        </p>
      </div>
    </div>
  </footer>
</DocumentFragment>
`;
